analyze_risale_text.ts(5,37): error TS2339: Property 'getInstance' does not exist on type '{ init(): Promise<void>; createSchema(): Promise<void>; createSearchTables(): Promise<void>; getDb(): SQLiteDatabase; resetDb(): Promise<...>; }'.
analyze_risale_text.ts(17,19): error TS7006: Parameter 'row' implicitly has an 'any' type.
analyze_risale_text.ts(17,24): error TS7006: Parameter 'i' implicitly has an 'any' type.
src/features/content-manager/PackInstaller.ts(4,23): error TS2307: Cannot find module 'react-native-zip-archive' or its corresponding type declarations.
src/features/content-manager/PackInstaller.ts(85,45): error TS2339: Property 'getDigestAsync' does not exist on type 'typeof import("C:/VakifApp/node_modules/expo-file-system/build/index")'.
src/features/content-manager/PackInstaller.ts(85,85): error TS2339: Property 'DigestAlgorithm' does not exist on type 'typeof import("C:/VakifApp/node_modules/expo-file-system/build/index")'.
src/features/content-manager/PackInstaller.ts(128,54): error TS2339: Property 'getDigestAsync' does not exist on type 'typeof import("C:/VakifApp/node_modules/expo-file-system/build/index")'.
src/features/content-manager/PackInstaller.ts(128,90): error TS2339: Property 'DigestAlgorithm' does not exist on type 'typeof import("C:/VakifApp/node_modules/expo-file-system/build/index")'.
src/features/reader/engine/NativeReaderView.tsx(216,17): error TS2322: Type '{ ref: MutableRefObject<any>; style: ViewStyle | undefined; text: string; markers: Marker[] | undefined; bookId: string | undefined; sectionUid: string | undefined; ... 10 more ...; onDebugMetrics: (e: NativeSyntheticEvent<...>) => void; }' is not assignable to type 'IntrinsicAttributes & NativeReaderViewProps'.
  Property 'ref' does not exist on type 'IntrinsicAttributes & NativeReaderViewProps'.
src/screens/ContentIntegrityScreen.tsx(87,87): error TS1323: Dynamic imports are only supported when the '--module' flag is set to 'es2020', 'es2022', 'esnext', 'commonjs', 'amd', 'system', 'umd', 'node16', or 'nodenext'.
src/screens/ContentIntegrityScreen.tsx(87,94): error TS2307: Cannot find module 'expo-updates' or its corresponding type declarations.
src/services/IndexWorker.ts(1,32): error TS2307: Cannot find module '../../services/ReaderDatabase' or its corresponding type declarations.
src/services/notificationService.ts(1,10): error TS2305: Module '"./supabaseClient"' has no exported member 'supabase'.
src/services/risaleService.ts(4,5): error TS2741: Property 'order_no' is missing in type '{ id: string; title: string; category: string; }' but required in type 'RisaleWork'.
src/services/risaleService.ts(5,5): error TS2741: Property 'order_no' is missing in type '{ id: string; title: string; category: string; }' but required in type 'RisaleWork'.
src/services/risaleService.ts(6,5): error TS2741: Property 'order_no' is missing in type '{ id: string; title: string; category: string; }' but required in type 'RisaleWork'.
src/services/risaleService.ts(7,5): error TS2741: Property 'order_no' is missing in type '{ id: string; title: string; category: string; }' but required in type 'RisaleWork'.
src/services/risaleService.ts(8,5): error TS2741: Property 'order_no' is missing in type '{ id: string; title: string; category: string; }' but required in type 'RisaleWork'.
src/services/SearchService.ts(1,32): error TS2307: Cannot find module '../../services/ReaderDatabase' or its corresponding type declarations.
supabase/functions/broadcast_notification/index.ts(1,23): error TS2307: Cannot find module 'https://deno.land/std@0.168.0/http/server.ts' or its corresponding type declarations.
supabase/functions/broadcast_notification/index.ts(2,30): error TS2307: Cannot find module 'https://esm.sh/@supabase/supabase-js@2' or its corresponding type declarations.
supabase/functions/broadcast_notification/index.ts(9,14): error TS7006: Parameter 'req' implicitly has an 'any' type.
supabase/functions/broadcast_notification/index.ts(16,13): error TS2304: Cannot find name 'Deno'.
supabase/functions/broadcast_notification/index.ts(17,13): error TS2304: Cannot find name 'Deno'.
supabase/functions/broadcast_notification/index.ts(25,13): error TS2304: Cannot find name 'Deno'.
supabase/functions/broadcast_notification/index.ts(26,13): error TS2304: Cannot find name 'Deno'.
supabase/functions/broadcast_notification/index.ts(45,42): error TS7006: Parameter 'p' implicitly has an 'any' type.
supabase/functions/broadcast_notification/index.ts(47,17): error TS18047: 'targetUserIds' is possibly 'null'.
supabase/functions/broadcast_notification/index.ts(77,39): error TS7006: Parameter 't' implicitly has an 'any' type.
supabase/functions/broadcast_notification/index.ts(103,39): error TS7006: Parameter 't' implicitly has an 'any' type.
supabase/functions/broadcast_notification/index.ts(121,69): error TS18046: 'error' is of type 'unknown'.
supabase/functions/duty_cron/index.ts(2,23): error TS2307: Cannot find module 'https://deno.land/std@0.168.0/http/server.ts' or its corresponding type declarations.
supabase/functions/duty_cron/index.ts(3,30): error TS2307: Cannot find module 'https://esm.sh/@supabase/supabase-js@2' or its corresponding type declarations.
supabase/functions/duty_cron/index.ts(7,14): error TS7006: Parameter 'req' implicitly has an 'any' type.
supabase/functions/duty_cron/index.ts(12,13): error TS2304: Cannot find name 'Deno'.
supabase/functions/duty_cron/index.ts(13,13): error TS2304: Cannot find name 'Deno'.
supabase/functions/duty_cron/index.ts(44,17): error TS2304: Cannot find name 'Deno'.
supabase/functions/duty_cron/index.ts(45,17): error TS2304: Cannot find name 'Deno'.
supabase/functions/duty_cron/index.ts(71,52): error TS7006: Parameter 't' implicitly has an 'any' type.
supabase/functions/duty_cron/index.ts(118,61): error TS7006: Parameter 'd' implicitly has an 'any' type.
supabase/functions/duty_cron/index.ts(183,60): error TS7006: Parameter 't' implicitly has an 'any' type.
supabase/functions/duty_cron/index.ts(223,64): error TS7006: Parameter 'm' implicitly has an 'any' type.
supabase/functions/duty_cron/index.ts(236,56): error TS7006: Parameter 't' implicitly has an 'any' type.
supabase/functions/duty_cron/index.ts(256,53): error TS18046: 'error' is of type 'unknown'.
supabase/functions/register_push_token/index.ts(2,23): error TS2307: Cannot find module 'https://deno.land/std@0.168.0/http/server.ts' or its corresponding type declarations.
supabase/functions/register_push_token/index.ts(3,30): error TS2307: Cannot find module 'https://esm.sh/@supabase/supabase-js@2' or its corresponding type declarations.
supabase/functions/register_push_token/index.ts(5,14): error TS7006: Parameter 'req' implicitly has an 'any' type.
supabase/functions/register_push_token/index.ts(11,13): error TS2304: Cannot find name 'Deno'.
supabase/functions/register_push_token/index.ts(12,13): error TS2304: Cannot find name 'Deno'.
supabase/functions/register_push_token/index.ts(44,53): error TS18046: 'error' is of type 'unknown'.
supabase/functions/respond_assignment/index.ts(2,23): error TS2307: Cannot find module 'https://deno.land/std@0.168.0/http/server.ts' or its corresponding type declarations.
supabase/functions/respond_assignment/index.ts(3,30): error TS2307: Cannot find module 'https://esm.sh/@supabase/supabase-js@2' or its corresponding type declarations.
supabase/functions/respond_assignment/index.ts(7,14): error TS7006: Parameter 'req' implicitly has an 'any' type.
supabase/functions/respond_assignment/index.ts(17,13): error TS2304: Cannot find name 'Deno'.
supabase/functions/respond_assignment/index.ts(18,13): error TS2304: Cannot find name 'Deno'.
supabase/functions/respond_assignment/index.ts(22,13): error TS2304: Cannot find name 'Deno'.
supabase/functions/respond_assignment/index.ts(23,13): error TS2304: Cannot find name 'Deno'.
supabase/functions/respond_assignment/index.ts(76,52): error TS7006: Parameter 'm' implicitly has an 'any' type.
supabase/functions/respond_assignment/index.ts(99,44): error TS7006: Parameter 't' implicitly has an 'any' type.
supabase/functions/respond_assignment/index.ts(100,51): error TS7006: Parameter 't' implicitly has an 'any' type.
supabase/functions/respond_assignment/index.ts(136,53): error TS18046: 'error' is of type 'unknown'.
supabase/functions/send_notification/index.ts(2,23): error TS2307: Cannot find module 'https://deno.land/std@0.168.0/http/server.ts' or its corresponding type declarations.
supabase/functions/send_notification/index.ts(3,30): error TS2307: Cannot find module 'https://esm.sh/@supabase/supabase-js@2' or its corresponding type declarations.
supabase/functions/send_notification/index.ts(7,14): error TS7006: Parameter 'req' implicitly has an 'any' type.
supabase/functions/send_notification/index.ts(13,13): error TS2304: Cannot find name 'Deno'.
supabase/functions/send_notification/index.ts(14,13): error TS2304: Cannot find name 'Deno'.
supabase/functions/send_notification/index.ts(36,13): error TS2304: Cannot find name 'Deno'.
supabase/functions/send_notification/index.ts(37,13): error TS2304: Cannot find name 'Deno'.
supabase/functions/send_notification/index.ts(49,36): error TS7006: Parameter 'u' implicitly has an 'any' type.
supabase/functions/send_notification/index.ts(68,44): error TS7006: Parameter 't' implicitly has an 'any' type.
supabase/functions/send_notification/index.ts(75,47): error TS7006: Parameter 't' implicitly has an 'any' type.
supabase/functions/send_notification/index.ts(140,53): error TS18046: 'error' is of type 'unknown'.
supabase/functions/set_user_role/index.ts(2,23): error TS2307: Cannot find module 'https://deno.land/std@0.168.0/http/server.ts' or its corresponding type declarations.
supabase/functions/set_user_role/index.ts(3,30): error TS2307: Cannot find module 'https://esm.sh/@supabase/supabase-js@2' or its corresponding type declarations.
supabase/functions/set_user_role/index.ts(5,14): error TS7006: Parameter 'req' implicitly has an 'any' type.
supabase/functions/set_user_role/index.ts(9,13): error TS2304: Cannot find name 'Deno'.
supabase/functions/set_user_role/index.ts(10,13): error TS2304: Cannot find name 'Deno'.
supabase/functions/set_user_role/index.ts(40,13): error TS2304: Cannot find name 'Deno'.
supabase/functions/set_user_role/index.ts(41,13): error TS2304: Cannot find name 'Deno'.
supabase/functions/set_user_role/index.ts(57,53): error TS18046: 'error' is of type 'unknown'.
