analyze_risale_text.ts(5,37): error TS2339: Property 'getInstance' does not exist on type '{ init(): Promise<void>; createSchema(): Promise<void>; createSearchTables(): Promise<void>; getDb(): SQLiteDatabase; resetDb(): Promise<...>; }'.
analyze_risale_text.ts(17,19): error TS7006: Parameter 'row' implicitly has an 'any' type.
analyze_risale_text.ts(17,24): error TS7006: Parameter 'i' implicitly has an 'any' type.
src/features/content-manager/PackInstaller.ts(4,23): error TS2307: Cannot find module 'react-native-zip-archive' or its corresponding type declarations.
src/features/content-manager/PackInstaller.ts(85,45): error TS2339: Property 'getDigestAsync' does not exist on type 'typeof import("C:/VakifApp/node_modules/expo-file-system/build/index")'.
src/features/content-manager/PackInstaller.ts(85,85): error TS2339: Property 'DigestAlgorithm' does not exist on type 'typeof import("C:/VakifApp/node_modules/expo-file-system/build/index")'.
src/features/content-manager/PackInstaller.ts(128,54): error TS2339: Property 'getDigestAsync' does not exist on type 'typeof import("C:/VakifApp/node_modules/expo-file-system/build/index")'.
src/features/content-manager/PackInstaller.ts(128,90): error TS2339: Property 'DigestAlgorithm' does not exist on type 'typeof import("C:/VakifApp/node_modules/expo-file-system/build/index")'.
src/features/library/components/RisalePageItem.tsx(46,22): error TS2741: Property 'interactiveEnabled' is missing in type '{ key: number; item: RisaleChunk; fontSize: number; isAfterSual: boolean; onWordPress: (word: string, chunkId: number, pageY: number, prev?: string | undefined, next?: string | undefined) => void; }' but required in type 'Props'.
src/features/library/components/RisaleTextRenderer.tsx(274,33): error TS7034: Variable 'prevWord' implicitly has type 'any' in some locations where its type cannot be determined.
src/features/library/components/RisaleTextRenderer.tsx(275,33): error TS7034: Variable 'nextWord' implicitly has type 'any' in some locations where its type cannot be determined.
src/features/library/components/RisaleTextRenderer.tsx(298,115): error TS7005: Variable 'prevWord' implicitly has an 'any' type.
src/features/library/components/RisaleTextRenderer.tsx(298,125): error TS7005: Variable 'nextWord' implicitly has an 'any' type.
src/features/reader/screens/RisaleVirtualPageReaderScreen.tsx(736,40): error TS2339: Property 'replace' does not exist on type 'Omit<NavigationProp<RootParamList>, "getState"> & { getState(): Readonly<{ key: string; index: number; routeNames: string[]; history?: unknown[] | undefined; routes: NavigationRoute<...>[]; type: string; stale: false; }> | undefined; }'.
src/features/reader/screens/RisaleVirtualPageReaderScreen.tsx(840,33): error TS2322: Type '{ ref: MutableRefObject<any>; data: StreamItem[]; renderItem: ({ item }: { item: StreamItem; }) => Element; keyExtractor: (item: StreamItem) => string; ... 12 more ...; onScrollToIndexFailed: (info: { ...; }) => void; }' is not assignable to type 'IntrinsicAttributes & FlashListProps<StreamItem> & { ref?: Ref<FlashListRef<StreamItem>> | undefined; }'.
  Property 'estimatedItemSize' does not exist on type 'IntrinsicAttributes & FlashListProps<StreamItem> & { ref?: Ref<FlashListRef<StreamItem>> | undefined; }'.
src/features/risale/components/ReaderBlockRenderer.tsx(98,11): error TS2339: Property 'textBreakStrategy' does not exist on type 'TextStyle'.
src/features/risale/hooks/usePaginationV2.ts(103,21): error TS2353: Object literal may only specify known properties, and 'startParagraphId' does not exist in type 'Page'.
src/features/risale/hooks/usePaginationV2.ts(130,17): error TS2353: Object literal may only specify known properties, and 'startParagraphId' does not exist in type 'Page'.
src/modules/native-reader/NativeReader.tsx(37,28): error TS2749: 'FlashList' refers to a value, but is being used as a type here. Did you mean 'typeof FlashList'?
src/modules/native-reader/NativeReader.tsx(49,85): error TS2314: Generic type 'ViewToken<T>' requires 1 type argument(s).
src/modules/native-reader/NativeReader.tsx(146,25): error TS2322: Type '{ ref: MutableRefObject<FlashList<Segment>>; data: Segment[]; renderItem: ({ item }: ListRenderItemInfo<Segment>) => Element; ... 6 more ...; removeClippedSubviews: boolean; }' is not assignable to type 'IntrinsicAttributes & FlashListProps<Segment> & { ref?: Ref<FlashListRef<Segment>> | undefined; }'.
  Property 'estimatedItemSize' does not exist on type 'IntrinsicAttributes & FlashListProps<Segment> & { ref?: Ref<FlashListRef<Segment>> | undefined; }'.
src/services/IndexWorker.ts(1,32): error TS2307: Cannot find module '../../services/ReaderDatabase' or its corresponding type declarations.
src/services/risaleService.ts(4,5): error TS2741: Property 'order_no' is missing in type '{ id: string; title: string; category: string; }' but required in type 'RisaleWork'.
src/services/risaleService.ts(5,5): error TS2741: Property 'order_no' is missing in type '{ id: string; title: string; category: string; }' but required in type 'RisaleWork'.
src/services/risaleService.ts(6,5): error TS2741: Property 'order_no' is missing in type '{ id: string; title: string; category: string; }' but required in type 'RisaleWork'.
src/services/risaleService.ts(7,5): error TS2741: Property 'order_no' is missing in type '{ id: string; title: string; category: string; }' but required in type 'RisaleWork'.
src/services/risaleService.ts(8,5): error TS2741: Property 'order_no' is missing in type '{ id: string; title: string; category: string; }' but required in type 'RisaleWork'.
src/services/SearchService.ts(1,32): error TS2307: Cannot find module '../../services/ReaderDatabase' or its corresponding type declarations.
supabase/functions/broadcast_notification/index.ts(1,23): error TS2307: Cannot find module 'https://deno.land/std@0.168.0/http/server.ts' or its corresponding type declarations.
supabase/functions/broadcast_notification/index.ts(2,30): error TS2307: Cannot find module 'https://esm.sh/@supabase/supabase-js@2' or its corresponding type declarations.
supabase/functions/broadcast_notification/index.ts(9,14): error TS7006: Parameter 'req' implicitly has an 'any' type.
supabase/functions/broadcast_notification/index.ts(16,13): error TS2304: Cannot find name 'Deno'.
supabase/functions/broadcast_notification/index.ts(17,13): error TS2304: Cannot find name 'Deno'.
supabase/functions/broadcast_notification/index.ts(25,13): error TS2304: Cannot find name 'Deno'.
supabase/functions/broadcast_notification/index.ts(26,13): error TS2304: Cannot find name 'Deno'.
supabase/functions/broadcast_notification/index.ts(45,42): error TS7006: Parameter 'p' implicitly has an 'any' type.
supabase/functions/broadcast_notification/index.ts(47,17): error TS18047: 'targetUserIds' is possibly 'null'.
supabase/functions/broadcast_notification/index.ts(77,39): error TS7006: Parameter 't' implicitly has an 'any' type.
supabase/functions/broadcast_notification/index.ts(103,39): error TS7006: Parameter 't' implicitly has an 'any' type.
supabase/functions/broadcast_notification/index.ts(121,69): error TS18046: 'error' is of type 'unknown'.
supabase/functions/duty_cron/index.ts(2,23): error TS2307: Cannot find module 'https://deno.land/std@0.168.0/http/server.ts' or its corresponding type declarations.
supabase/functions/duty_cron/index.ts(3,30): error TS2307: Cannot find module 'https://esm.sh/@supabase/supabase-js@2' or its corresponding type declarations.
supabase/functions/duty_cron/index.ts(7,14): error TS7006: Parameter 'req' implicitly has an 'any' type.
supabase/functions/duty_cron/index.ts(12,13): error TS2304: Cannot find name 'Deno'.
supabase/functions/duty_cron/index.ts(13,13): error TS2304: Cannot find name 'Deno'.
supabase/functions/duty_cron/index.ts(44,17): error TS2304: Cannot find name 'Deno'.
supabase/functions/duty_cron/index.ts(45,17): error TS2304: Cannot find name 'Deno'.
supabase/functions/duty_cron/index.ts(71,52): error TS7006: Parameter 't' implicitly has an 'any' type.
supabase/functions/duty_cron/index.ts(118,61): error TS7006: Parameter 'd' implicitly has an 'any' type.
supabase/functions/duty_cron/index.ts(183,60): error TS7006: Parameter 't' implicitly has an 'any' type.
supabase/functions/duty_cron/index.ts(223,64): error TS7006: Parameter 'm' implicitly has an 'any' type.
supabase/functions/duty_cron/index.ts(236,56): error TS7006: Parameter 't' implicitly has an 'any' type.
supabase/functions/duty_cron/index.ts(256,53): error TS18046: 'error' is of type 'unknown'.
supabase/functions/register_push_token/index.ts(2,23): error TS2307: Cannot find module 'https://deno.land/std@0.168.0/http/server.ts' or its corresponding type declarations.
supabase/functions/register_push_token/index.ts(3,30): error TS2307: Cannot find module 'https://esm.sh/@supabase/supabase-js@2' or its corresponding type declarations.
supabase/functions/register_push_token/index.ts(5,14): error TS7006: Parameter 'req' implicitly has an 'any' type.
supabase/functions/register_push_token/index.ts(11,13): error TS2304: Cannot find name 'Deno'.
supabase/functions/register_push_token/index.ts(12,13): error TS2304: Cannot find name 'Deno'.
supabase/functions/register_push_token/index.ts(44,53): error TS18046: 'error' is of type 'unknown'.
supabase/functions/respond_assignment/index.ts(2,23): error TS2307: Cannot find module 'https://deno.land/std@0.168.0/http/server.ts' or its corresponding type declarations.
supabase/functions/respond_assignment/index.ts(3,30): error TS2307: Cannot find module 'https://esm.sh/@supabase/supabase-js@2' or its corresponding type declarations.
supabase/functions/respond_assignment/index.ts(7,14): error TS7006: Parameter 'req' implicitly has an 'any' type.
supabase/functions/respond_assignment/index.ts(17,13): error TS2304: Cannot find name 'Deno'.
supabase/functions/respond_assignment/index.ts(18,13): error TS2304: Cannot find name 'Deno'.
supabase/functions/respond_assignment/index.ts(22,13): error TS2304: Cannot find name 'Deno'.
supabase/functions/respond_assignment/index.ts(23,13): error TS2304: Cannot find name 'Deno'.
supabase/functions/respond_assignment/index.ts(76,52): error TS7006: Parameter 'm' implicitly has an 'any' type.
supabase/functions/respond_assignment/index.ts(99,44): error TS7006: Parameter 't' implicitly has an 'any' type.
supabase/functions/respond_assignment/index.ts(100,51): error TS7006: Parameter 't' implicitly has an 'any' type.
supabase/functions/respond_assignment/index.ts(136,53): error TS18046: 'error' is of type 'unknown'.
supabase/functions/send_notification/index.ts(2,23): error TS2307: Cannot find module 'https://deno.land/std@0.168.0/http/server.ts' or its corresponding type declarations.
supabase/functions/send_notification/index.ts(3,30): error TS2307: Cannot find module 'https://esm.sh/@supabase/supabase-js@2' or its corresponding type declarations.
supabase/functions/send_notification/index.ts(7,14): error TS7006: Parameter 'req' implicitly has an 'any' type.
supabase/functions/send_notification/index.ts(13,13): error TS2304: Cannot find name 'Deno'.
supabase/functions/send_notification/index.ts(14,13): error TS2304: Cannot find name 'Deno'.
supabase/functions/send_notification/index.ts(36,13): error TS2304: Cannot find name 'Deno'.
supabase/functions/send_notification/index.ts(37,13): error TS2304: Cannot find name 'Deno'.
supabase/functions/send_notification/index.ts(49,36): error TS7006: Parameter 'u' implicitly has an 'any' type.
supabase/functions/send_notification/index.ts(68,44): error TS7006: Parameter 't' implicitly has an 'any' type.
supabase/functions/send_notification/index.ts(75,47): error TS7006: Parameter 't' implicitly has an 'any' type.
supabase/functions/send_notification/index.ts(140,53): error TS18046: 'error' is of type 'unknown'.
supabase/functions/set_user_role/index.ts(2,23): error TS2307: Cannot find module 'https://deno.land/std@0.168.0/http/server.ts' or its corresponding type declarations.
supabase/functions/set_user_role/index.ts(3,30): error TS2307: Cannot find module 'https://esm.sh/@supabase/supabase-js@2' or its corresponding type declarations.
supabase/functions/set_user_role/index.ts(5,14): error TS7006: Parameter 'req' implicitly has an 'any' type.
supabase/functions/set_user_role/index.ts(9,13): error TS2304: Cannot find name 'Deno'.
supabase/functions/set_user_role/index.ts(10,13): error TS2304: Cannot find name 'Deno'.
supabase/functions/set_user_role/index.ts(40,13): error TS2304: Cannot find name 'Deno'.
supabase/functions/set_user_role/index.ts(41,13): error TS2304: Cannot find name 'Deno'.
supabase/functions/set_user_role/index.ts(57,53): error TS18046: 'error' is of type 'unknown'.
